<?xml version="1.0" encoding="ISO-8859-1" ?>
<link_info>
   <banner>TI ARM Linker PC v20.2.2.LTS</banner>
   <copyright>Copyright (c) 1996-2018 Texas Instruments Incorporated</copyright>
   <link_time>0x60a7065c</link_time>
   <link_errors>0x0</link_errors>
   <output_file>Week4lab.out</output_file>
   <entry_point>
      <name>_c_int00_noargs</name>
      <address>0x519d</address>
   </entry_point>
   <input_file_list>
      <input_file id="fl-2">
         <path>.\</path>
         <kind>object</kind>
         <file>Final.obj</file>
         <name>Final.obj</name>
      </input_file>
      <input_file id="fl-3">
         <path>.\</path>
         <kind>object</kind>
         <file>altitude.obj</file>
         <name>altitude.obj</name>
      </input_file>
      <input_file id="fl-4">
         <path>.\</path>
         <kind>object</kind>
         <file>buttons4.obj</file>
         <name>buttons4.obj</name>
      </input_file>
      <input_file id="fl-5">
         <path>.\</path>
         <kind>object</kind>
         <file>circBufT.obj</file>
         <name>circBufT.obj</name>
      </input_file>
      <input_file id="fl-6">
         <path>.\</path>
         <kind>object</kind>
         <file>controlLoop.obj</file>
         <name>controlLoop.obj</name>
      </input_file>
      <input_file id="fl-7">
         <path>.\</path>
         <kind>object</kind>
         <file>display.obj</file>
         <name>display.obj</name>
      </input_file>
      <input_file id="fl-8">
         <path>.\</path>
         <kind>object</kind>
         <file>flightStates.obj</file>
         <name>flightStates.obj</name>
      </input_file>
      <input_file id="fl-9">
         <path>.\</path>
         <kind>object</kind>
         <file>initialisation.obj</file>
         <name>initialisation.obj</name>
      </input_file>
      <input_file id="fl-a">
         <path>.\</path>
         <kind>object</kind>
         <file>pwm.obj</file>
         <name>pwm.obj</name>
      </input_file>
      <input_file id="fl-b">
         <path>.\</path>
         <kind>object</kind>
         <file>quadrature.obj</file>
         <name>quadrature.obj</name>
      </input_file>
      <input_file id="fl-c">
         <path>.\</path>
         <kind>object</kind>
         <file>switches.obj</file>
         <name>switches.obj</name>
      </input_file>
      <input_file id="fl-d">
         <path>.\</path>
         <kind>object</kind>
         <file>tm4c123gh6pm_startup_ccs.obj</file>
         <name>tm4c123gh6pm_startup_ccs.obj</name>
      </input_file>
      <input_file id="fl-e">
         <path>.\</path>
         <kind>object</kind>
         <file>uart.obj</file>
         <name>uart.obj</name>
      </input_file>
      <input_file id="fl-f">
         <path>.\</path>
         <kind>object</kind>
         <file>ustdlib.obj</file>
         <name>ustdlib.obj</name>
      </input_file>
      <input_file id="fl-10">
         <path>.\OrbitOLED\</path>
         <kind>object</kind>
         <file>OrbitOLEDInterface.obj</file>
         <name>OrbitOLEDInterface.obj</name>
      </input_file>
      <input_file id="fl-11">
         <path>.\OrbitOLED\lib_OrbitOled\</path>
         <kind>object</kind>
         <file>ChrFont0.obj</file>
         <name>ChrFont0.obj</name>
      </input_file>
      <input_file id="fl-12">
         <path>.\OrbitOLED\lib_OrbitOled\</path>
         <kind>object</kind>
         <file>FillPat.obj</file>
         <name>FillPat.obj</name>
      </input_file>
      <input_file id="fl-13">
         <path>.\OrbitOLED\lib_OrbitOled\</path>
         <kind>object</kind>
         <file>OrbitOled.obj</file>
         <name>OrbitOled.obj</name>
      </input_file>
      <input_file id="fl-14">
         <path>.\OrbitOLED\lib_OrbitOled\</path>
         <kind>object</kind>
         <file>OrbitOledChar.obj</file>
         <name>OrbitOledChar.obj</name>
      </input_file>
      <input_file id="fl-15">
         <path>.\OrbitOLED\lib_OrbitOled\</path>
         <kind>object</kind>
         <file>OrbitOledGrph.obj</file>
         <name>OrbitOledGrph.obj</name>
      </input_file>
      <input_file id="fl-16">
         <path>.\OrbitOLED\lib_OrbitOled\</path>
         <kind>object</kind>
         <file>delay.obj</file>
         <name>delay.obj</name>
      </input_file>
      <input_file id="fl-1b">
         <kind>object</kind>
         <file>&lt;internal&gt;</file>
         <name>&lt;internal&gt;</name>
      </input_file>
      <input_file id="fl-d1">
         <path>C:\ti\ccs1020\ccs\tools\compiler\ti-cgt-arm_20.2.2.LTS\lib\</path>
         <kind>archive</kind>
         <file>rtsv7M4_T_le_v4SPD16_eabi.lib</file>
         <name>e_pow.c.obj</name>
      </input_file>
      <input_file id="fl-d2">
         <path>C:\ti\ccs1020\ccs\tools\compiler\ti-cgt-arm_20.2.2.LTS\lib\</path>
         <kind>archive</kind>
         <file>rtsv7M4_T_le_v4SPD16_eabi.lib</file>
         <name>e_sqrt.c.obj</name>
      </input_file>
      <input_file id="fl-d3">
         <path>C:\ti\ccs1020\ccs\tools\compiler\ti-cgt-arm_20.2.2.LTS\lib\</path>
         <kind>archive</kind>
         <file>rtsv7M4_T_le_v4SPD16_eabi.lib</file>
         <name>s_scalbn.c.obj</name>
      </input_file>
      <input_file id="fl-d4">
         <path>C:\ti\ccs1020\ccs\tools\compiler\ti-cgt-arm_20.2.2.LTS\lib\</path>
         <kind>archive</kind>
         <file>rtsv7M4_T_le_v4SPD16_eabi.lib</file>
         <name>s_copysign.c.obj</name>
      </input_file>
      <input_file id="fl-d5">
         <path>C:\ti\ccs1020\ccs\tools\compiler\ti-cgt-arm_20.2.2.LTS\lib\</path>
         <kind>archive</kind>
         <file>rtsv7M4_T_le_v4SPD16_eabi.lib</file>
         <name>fd_add_t2.asm.obj</name>
      </input_file>
      <input_file id="fl-d6">
         <path>C:\ti\ccs1020\ccs\tools\compiler\ti-cgt-arm_20.2.2.LTS\lib\</path>
         <kind>archive</kind>
         <file>rtsv7M4_T_le_v4SPD16_eabi.lib</file>
         <name>fd_cmp_t2.asm.obj</name>
      </input_file>
      <input_file id="fl-d7">
         <path>C:\ti\ccs1020\ccs\tools\compiler\ti-cgt-arm_20.2.2.LTS\lib\</path>
         <kind>archive</kind>
         <file>rtsv7M4_T_le_v4SPD16_eabi.lib</file>
         <name>fd_div_t2.asm.obj</name>
      </input_file>
      <input_file id="fl-d8">
         <path>C:\ti\ccs1020\ccs\tools\compiler\ti-cgt-arm_20.2.2.LTS\lib\</path>
         <kind>archive</kind>
         <file>rtsv7M4_T_le_v4SPD16_eabi.lib</file>
         <name>fd_mul_t2.asm.obj</name>
      </input_file>
      <input_file id="fl-d9">
         <path>C:\ti\ccs1020\ccs\tools\compiler\ti-cgt-arm_20.2.2.LTS\lib\</path>
         <kind>archive</kind>
         <file>rtsv7M4_T_le_v4SPD16_eabi.lib</file>
         <name>fd_toi_t2.asm.obj</name>
      </input_file>
      <input_file id="fl-da">
         <path>C:\ti\ccs1020\ccs\tools\compiler\ti-cgt-arm_20.2.2.LTS\lib\</path>
         <kind>archive</kind>
         <file>rtsv7M4_T_le_v4SPD16_eabi.lib</file>
         <name>fd_tou_t2.asm.obj</name>
      </input_file>
      <input_file id="fl-db">
         <path>C:\ti\ccs1020\ccs\tools\compiler\ti-cgt-arm_20.2.2.LTS\lib\</path>
         <kind>archive</kind>
         <file>rtsv7M4_T_le_v4SPD16_eabi.lib</file>
         <name>i_tofd_t2.asm.obj</name>
      </input_file>
      <input_file id="fl-dc">
         <path>C:\ti\ccs1020\ccs\tools\compiler\ti-cgt-arm_20.2.2.LTS\lib\</path>
         <kind>archive</kind>
         <file>rtsv7M4_T_le_v4SPD16_eabi.lib</file>
         <name>u_tofd_t2.asm.obj</name>
      </input_file>
      <input_file id="fl-dd">
         <path>C:\ti\ccs1020\ccs\tools\compiler\ti-cgt-arm_20.2.2.LTS\lib\</path>
         <kind>archive</kind>
         <file>rtsv7M4_T_le_v4SPD16_eabi.lib</file>
         <name>u_divt2.asm.obj</name>
      </input_file>
      <input_file id="fl-de">
         <path>C:\ti\ccs1020\ccs\tools\compiler\ti-cgt-arm_20.2.2.LTS\lib\</path>
         <kind>archive</kind>
         <file>rtsv7M4_T_le_v4SPD16_eabi.lib</file>
         <name>copy_zero_init.c.obj</name>
      </input_file>
      <input_file id="fl-df">
         <path>C:\ti\ccs1020\ccs\tools\compiler\ti-cgt-arm_20.2.2.LTS\lib\</path>
         <kind>archive</kind>
         <file>rtsv7M4_T_le_v4SPD16_eabi.lib</file>
         <name>copy_decompress_none.c.obj</name>
      </input_file>
      <input_file id="fl-e0">
         <path>C:\ti\ccs1020\ccs\tools\compiler\ti-cgt-arm_20.2.2.LTS\lib\</path>
         <kind>archive</kind>
         <file>rtsv7M4_T_le_v4SPD16_eabi.lib</file>
         <name>copy_decompress_lzss.c.obj</name>
      </input_file>
      <input_file id="fl-e1">
         <path>C:\ti\ccs1020\ccs\tools\compiler\ti-cgt-arm_20.2.2.LTS\lib\</path>
         <kind>archive</kind>
         <file>rtsv7M4_T_le_v4SPD16_eabi.lib</file>
         <name>memory.c.obj</name>
      </input_file>
      <input_file id="fl-e2">
         <path>C:\ti\ccs1020\ccs\tools\compiler\ti-cgt-arm_20.2.2.LTS\lib\</path>
         <kind>archive</kind>
         <file>rtsv7M4_T_le_v4SPD16_eabi.lib</file>
         <name>boot_cortex_m.c.obj</name>
      </input_file>
      <input_file id="fl-e3">
         <path>C:\ti\ccs1020\ccs\tools\compiler\ti-cgt-arm_20.2.2.LTS\lib\</path>
         <kind>archive</kind>
         <file>rtsv7M4_T_le_v4SPD16_eabi.lib</file>
         <name>errno.c.obj</name>
      </input_file>
      <input_file id="fl-e4">
         <path>C:\ti\ccs1020\ccs\tools\compiler\ti-cgt-arm_20.2.2.LTS\lib\</path>
         <kind>archive</kind>
         <file>rtsv7M4_T_le_v4SPD16_eabi.lib</file>
         <name>div0.asm.obj</name>
      </input_file>
      <input_file id="fl-e5">
         <path>C:\ti\ccs1020\ccs\tools\compiler\ti-cgt-arm_20.2.2.LTS\lib\</path>
         <kind>archive</kind>
         <file>rtsv7M4_T_le_v4SPD16_eabi.lib</file>
         <name>memcpy_t2.asm.obj</name>
      </input_file>
      <input_file id="fl-e6">
         <path>C:\ti\ccs1020\ccs\tools\compiler\ti-cgt-arm_20.2.2.LTS\lib\</path>
         <kind>archive</kind>
         <file>rtsv7M4_T_le_v4SPD16_eabi.lib</file>
         <name>memset_t2.asm.obj</name>
      </input_file>
      <input_file id="fl-e7">
         <path>C:\ti\ccs1020\ccs\tools\compiler\ti-cgt-arm_20.2.2.LTS\lib\</path>
         <kind>archive</kind>
         <file>rtsv7M4_T_le_v4SPD16_eabi.lib</file>
         <name>autoinit.c.obj</name>
      </input_file>
      <input_file id="fl-e8">
         <path>C:\ti\ccs1020\ccs\tools\compiler\ti-cgt-arm_20.2.2.LTS\lib\</path>
         <kind>archive</kind>
         <file>rtsv7M4_T_le_v4SPD16_eabi.lib</file>
         <name>pre_init.c.obj</name>
      </input_file>
      <input_file id="fl-e9">
         <path>C:\ti\ccs1020\ccs\tools\compiler\ti-cgt-arm_20.2.2.LTS\lib\</path>
         <kind>archive</kind>
         <file>rtsv7M4_T_le_v4SPD16_eabi.lib</file>
         <name>cpy_tbl.c.obj</name>
      </input_file>
      <input_file id="fl-ea">
         <path>C:\ti\ccs1020\ccs\tools\compiler\ti-cgt-arm_20.2.2.LTS\lib\</path>
         <kind>archive</kind>
         <file>rtsv7M4_T_le_v4SPD16_eabi.lib</file>
         <name>exit.c.obj</name>
      </input_file>
      <input_file id="fl-eb">
         <path>C:\ti\ccs1020\ccs\tools\compiler\ti-cgt-arm_20.2.2.LTS\lib\</path>
         <kind>archive</kind>
         <file>rtsv7M4_T_le_v4SPD16_eabi.lib</file>
         <name>_lock.c.obj</name>
      </input_file>
      <input_file id="fl-ec">
         <path>C:\ti\ccs1020\ccs\tools\compiler\ti-cgt-arm_20.2.2.LTS\lib\</path>
         <kind>archive</kind>
         <file>rtsv7M4_T_le_v4SPD16_eabi.lib</file>
         <name>args_main.c.obj</name>
      </input_file>
      <input_file id="fl-ed">
         <path>C:\ti\TivaWare_C_Series-2.2.0.295\driverlib\ccs\Debug\</path>
         <kind>archive</kind>
         <file>driverlib.lib</file>
         <name>adc.obj</name>
      </input_file>
      <input_file id="fl-ee">
         <path>C:\ti\TivaWare_C_Series-2.2.0.295\driverlib\ccs\Debug\</path>
         <kind>archive</kind>
         <file>driverlib.lib</file>
         <name>gpio.obj</name>
      </input_file>
      <input_file id="fl-ef">
         <path>C:\ti\TivaWare_C_Series-2.2.0.295\driverlib\ccs\Debug\</path>
         <kind>archive</kind>
         <file>driverlib.lib</file>
         <name>interrupt.obj</name>
      </input_file>
      <input_file id="fl-f0">
         <path>C:\ti\TivaWare_C_Series-2.2.0.295\driverlib\ccs\Debug\</path>
         <kind>archive</kind>
         <file>driverlib.lib</file>
         <name>pwm.obj</name>
      </input_file>
      <input_file id="fl-f1">
         <path>C:\ti\TivaWare_C_Series-2.2.0.295\driverlib\ccs\Debug\</path>
         <kind>archive</kind>
         <file>driverlib.lib</file>
         <name>ssi.obj</name>
      </input_file>
      <input_file id="fl-f2">
         <path>C:\ti\TivaWare_C_Series-2.2.0.295\driverlib\ccs\Debug\</path>
         <kind>archive</kind>
         <file>driverlib.lib</file>
         <name>sysctl.obj</name>
      </input_file>
      <input_file id="fl-f3">
         <path>C:\ti\TivaWare_C_Series-2.2.0.295\driverlib\ccs\Debug\</path>
         <kind>archive</kind>
         <file>driverlib.lib</file>
         <name>systick.obj</name>
      </input_file>
      <input_file id="fl-f4">
         <path>C:\ti\TivaWare_C_Series-2.2.0.295\driverlib\ccs\Debug\</path>
         <kind>archive</kind>
         <file>driverlib.lib</file>
         <name>timer.obj</name>
      </input_file>
      <input_file id="fl-f5">
         <path>C:\ti\TivaWare_C_Series-2.2.0.295\driverlib\ccs\Debug\</path>
         <kind>archive</kind>
         <file>driverlib.lib</file>
         <name>uart.obj</name>
      </input_file>
      <input_file id="fl-f6">
         <path>C:\ti\TivaWare_C_Series-2.2.0.295\driverlib\ccs\Debug\</path>
         <kind>archive</kind>
         <file>driverlib.lib</file>
         <name>cpu.obj</name>
      </input_file>
   </input_file_list>
   <object_component_list>
      <object_component id="oc-12">
         <name>.intvecs</name>
         <load_address>0x0</load_address>
         <run_address>0x0</run_address>
         <size>0x26c</size>
         <input_file_ref idref="fl-d"/>
      </object_component>
      <object_component id="oc-18a">
         <name>.text</name>
         <load_address>0x26c</load_address>
         <run_address>0x26c</run_address>
         <size>0xc84</size>
         <input_file_ref idref="fl-f"/>
      </object_component>
      <object_component id="oc-170">
         <name>.text:pow</name>
         <load_address>0xef0</load_address>
         <run_address>0xef0</run_address>
         <size>0x9c0</size>
         <input_file_ref idref="fl-d1"/>
      </object_component>
      <object_component id="oc-477">
         <name>.text</name>
         <load_address>0x18b0</load_address>
         <run_address>0x18b0</run_address>
         <size>0x950</size>
         <input_file_ref idref="fl-15"/>
      </object_component>
      <object_component id="oc-a2">
         <name>.text</name>
         <load_address>0x2200</load_address>
         <run_address>0x2200</run_address>
         <size>0x800</size>
         <input_file_ref idref="fl-2"/>
      </object_component>
      <object_component id="oc-e0">
         <name>.text</name>
         <load_address>0x2a00</load_address>
         <run_address>0x2a00</run_address>
         <size>0x4a0</size>
         <input_file_ref idref="fl-6"/>
      </object_component>
      <object_component id="oc-3cd">
         <name>.text</name>
         <load_address>0x2ea0</load_address>
         <run_address>0x2ea0</run_address>
         <size>0x37c</size>
         <input_file_ref idref="fl-13"/>
      </object_component>
      <object_component id="oc-14b">
         <name>.text</name>
         <load_address>0x321c</load_address>
         <run_address>0x321c</run_address>
         <size>0x26c</size>
         <input_file_ref idref="fl-4"/>
      </object_component>
      <object_component id="oc-3c7">
         <name>.text</name>
         <load_address>0x3488</load_address>
         <run_address>0x3488</run_address>
         <size>0x204</size>
         <input_file_ref idref="fl-14"/>
      </object_component>
      <object_component id="oc-127">
         <name>.text</name>
         <load_address>0x368c</load_address>
         <run_address>0x368c</run_address>
         <size>0x1f0</size>
         <input_file_ref idref="fl-b"/>
      </object_component>
      <object_component id="oc-176">
         <name>.text</name>
         <load_address>0x387c</load_address>
         <run_address>0x387c</run_address>
         <size>0x1b6</size>
         <input_file_ref idref="fl-d5"/>
      </object_component>
      <object_component id="oc-43f">
         <name>.text:_nop</name>
         <load_address>0x3a32</load_address>
         <run_address>0x3a32</run_address>
         <size>0x2</size>
         <input_file_ref idref="fl-eb"/>
      </object_component>
      <object_component id="oc-234">
         <name>.text:GPIOPadConfigSet</name>
         <load_address>0x3a34</load_address>
         <run_address>0x3a34</run_address>
         <size>0x16c</size>
         <input_file_ref idref="fl-ee"/>
      </object_component>
      <object_component id="oc-300">
         <name>.text:sqrt</name>
         <load_address>0x3ba0</load_address>
         <run_address>0x3ba0</run_address>
         <size>0x158</size>
         <input_file_ref idref="fl-d2"/>
      </object_component>
      <object_component id="oc-17b">
         <name>.text</name>
         <load_address>0x3cf8</load_address>
         <run_address>0x3cf8</run_address>
         <size>0x136</size>
         <input_file_ref idref="fl-d7"/>
      </object_component>
      <object_component id="oc-42c">
         <name>.text</name>
         <load_address>0x3e2e</load_address>
         <run_address>0x3e2e</run_address>
         <size>0x2</size>
         <input_file_ref idref="fl-e4"/>
      </object_component>
      <object_component id="oc-133">
         <name>.text</name>
         <load_address>0x3e30</load_address>
         <run_address>0x3e30</run_address>
         <size>0x12c</size>
         <input_file_ref idref="fl-a"/>
      </object_component>
      <object_component id="oc-f1">
         <name>.text:SysCtlClockGet</name>
         <load_address>0x3f5c</load_address>
         <run_address>0x3f5c</run_address>
         <size>0x118</size>
         <input_file_ref idref="fl-f2"/>
      </object_component>
      <object_component id="oc-139">
         <name>.text</name>
         <load_address>0x4074</load_address>
         <run_address>0x4074</run_address>
         <size>0x116</size>
         <input_file_ref idref="fl-7"/>
      </object_component>
      <object_component id="oc-30f">
         <name>.text:scalbn</name>
         <load_address>0x418c</load_address>
         <run_address>0x418c</run_address>
         <size>0x110</size>
         <input_file_ref idref="fl-d3"/>
      </object_component>
      <object_component id="oc-4d8">
         <name>.text:aligned_alloc</name>
         <load_address>0x429c</load_address>
         <run_address>0x429c</run_address>
         <size>0x100</size>
         <input_file_ref idref="fl-e1"/>
      </object_component>
      <object_component id="oc-180">
         <name>.text</name>
         <load_address>0x439c</load_address>
         <run_address>0x439c</run_address>
         <size>0xfc</size>
         <input_file_ref idref="fl-d8"/>
      </object_component>
      <object_component id="oc-eb">
         <name>.text:SysCtlClockSet</name>
         <load_address>0x4498</load_address>
         <run_address>0x4498</run_address>
         <size>0xf4</size>
         <input_file_ref idref="fl-f2"/>
      </object_component>
      <object_component id="oc-2d0">
         <name>.text:free</name>
         <load_address>0x458c</load_address>
         <run_address>0x458c</run_address>
         <size>0xe4</size>
         <input_file_ref idref="fl-e1"/>
      </object_component>
      <object_component id="oc-145">
         <name>.text</name>
         <load_address>0x4670</load_address>
         <run_address>0x4670</run_address>
         <size>0xb8</size>
         <input_file_ref idref="fl-5"/>
      </object_component>
      <object_component id="oc-151">
         <name>.text</name>
         <load_address>0x4728</load_address>
         <run_address>0x4728</run_address>
         <size>0xac</size>
         <input_file_ref idref="fl-c"/>
      </object_component>
      <object_component id="oc-3e">
         <name>.text</name>
         <load_address>0x47d4</load_address>
         <run_address>0x47d4</run_address>
         <size>0x9c</size>
         <input_file_ref idref="fl-e5"/>
      </object_component>
      <object_component id="oc-168">
         <name>.text:__aeabi_cdcmple</name>
         <load_address>0x4870</load_address>
         <run_address>0x4870</run_address>
         <size>0x86</size>
         <input_file_ref idref="fl-d6"/>
      </object_component>
      <object_component id="oc-163">
         <name>.text:__aeabi_cdrcmple</name>
         <load_address>0x48f6</load_address>
         <run_address>0x48f6</run_address>
         <size>0x86</size>
         <input_file_ref idref="fl-d6"/>
      </object_component>
      <object_component id="oc-265">
         <name>.text:ADCSequenceStepConfigure</name>
         <load_address>0x497c</load_address>
         <run_address>0x497c</run_address>
         <size>0x7a</size>
         <input_file_ref idref="fl-ed"/>
      </object_component>
      <object_component id="oc-96">
         <name>.text</name>
         <load_address>0x49f6</load_address>
         <run_address>0x49f6</run_address>
         <size>0x7a</size>
         <input_file_ref idref="fl-e6"/>
      </object_component>
      <object_component id="oc-13f">
         <name>.text</name>
         <load_address>0x4a70</load_address>
         <run_address>0x4a70</run_address>
         <size>0x74</size>
         <input_file_ref idref="fl-e"/>
      </object_component>
      <object_component id="oc-537">
         <name>.text:split</name>
         <load_address>0x4ae4</load_address>
         <run_address>0x4ae4</run_address>
         <size>0x70</size>
         <input_file_ref idref="fl-e1"/>
      </object_component>
      <object_component id="oc-12d">
         <name>.text</name>
         <load_address>0x4b54</load_address>
         <run_address>0x4b54</run_address>
         <size>0x6c</size>
         <input_file_ref idref="fl-3"/>
      </object_component>
      <object_component id="oc-397">
         <name>.text:IntEnable</name>
         <load_address>0x4bc0</load_address>
         <run_address>0x4bc0</run_address>
         <size>0x68</size>
         <input_file_ref idref="fl-ef"/>
      </object_component>
      <object_component id="oc-15">
         <name>.text:decompress:lzss:__TI_decompress_lzss</name>
         <load_address>0x4c28</load_address>
         <run_address>0x4c28</run_address>
         <size>0x68</size>
         <input_file_ref idref="fl-e0"/>
      </object_component>
      <object_component id="oc-514">
         <name>.text:TimerConfigure</name>
         <load_address>0x4c90</load_address>
         <run_address>0x4c90</run_address>
         <size>0x60</size>
         <input_file_ref idref="fl-f4"/>
      </object_component>
      <object_component id="oc-48c">
         <name>.text</name>
         <load_address>0x4cf0</load_address>
         <run_address>0x4cf0</run_address>
         <size>0x5c</size>
         <input_file_ref idref="fl-16"/>
      </object_component>
      <object_component id="oc-23a">
         <name>.text:GPIOIntTypeSet</name>
         <load_address>0x4d4c</load_address>
         <run_address>0x4d4c</run_address>
         <size>0x58</size>
         <input_file_ref idref="fl-ee"/>
      </object_component>
      <object_component id="oc-121">
         <name>.text:SysCtlPeripheralReset</name>
         <load_address>0x4da4</load_address>
         <run_address>0x4da4</run_address>
         <size>0x50</size>
         <input_file_ref idref="fl-f2"/>
      </object_component>
      <object_component id="oc-3b6">
         <name>.text:_ADCIntNumberGet</name>
         <load_address>0x4df4</load_address>
         <run_address>0x4df4</run_address>
         <size>0x50</size>
         <input_file_ref idref="fl-ed"/>
      </object_component>
      <object_component id="oc-25f">
         <name>.text:ADCSequenceConfigure</name>
         <load_address>0x4e44</load_address>
         <run_address>0x4e44</run_address>
         <size>0x4e</size>
         <input_file_ref idref="fl-ed"/>
      </object_component>
      <object_component id="oc-28a">
         <name>.text:GPIOPinConfigure</name>
         <load_address>0x4e94</load_address>
         <run_address>0x4e94</run_address>
         <size>0x4c</size>
         <input_file_ref idref="fl-ee"/>
      </object_component>
      <object_component id="oc-185">
         <name>.text</name>
         <load_address>0x4ee0</load_address>
         <run_address>0x4ee0</run_address>
         <size>0x48</size>
         <input_file_ref idref="fl-d9"/>
      </object_component>
      <object_component id="oc-2b1">
         <name>.text:UARTConfigSetExpClk</name>
         <load_address>0x4f28</load_address>
         <run_address>0x4f28</run_address>
         <size>0x46</size>
         <input_file_ref idref="fl-f5"/>
      </object_component>
      <object_component id="oc-2a3">
         <name>.text</name>
         <load_address>0x4f70</load_address>
         <run_address>0x4f70</run_address>
         <size>0x44</size>
         <input_file_ref idref="fl-10"/>
      </object_component>
      <object_component id="oc-391">
         <name>.text:_GPIOIntNumberGet</name>
         <load_address>0x4fb4</load_address>
         <run_address>0x4fb4</run_address>
         <size>0x44</size>
         <input_file_ref idref="fl-ee"/>
      </object_component>
      <object_component id="oc-1b1">
         <name>.text:__TI_auto_init_nobinit_nopinit:__TI_auto_init_nobinit_nopinit</name>
         <load_address>0x4ff8</load_address>
         <run_address>0x4ff8</run_address>
         <size>0x44</size>
         <input_file_ref idref="fl-e7"/>
      </object_component>
      <object_component id="oc-1e6">
         <name>.text</name>
         <load_address>0x503c</load_address>
         <run_address>0x503c</run_address>
         <size>0x44</size>
         <input_file_ref idref="fl-da"/>
      </object_component>
      <object_component id="oc-321">
         <name>.text</name>
         <load_address>0x5080</load_address>
         <run_address>0x5080</run_address>
         <size>0x40</size>
         <input_file_ref idref="fl-dd"/>
      </object_component>
      <object_component id="oc-49e">
         <name>.text:SSIConfigSetExpClk</name>
         <load_address>0x50c0</load_address>
         <run_address>0x50c0</run_address>
         <size>0x3c</size>
         <input_file_ref idref="fl-f1"/>
      </object_component>
      <object_component id="oc-2ca">
         <name>.text:calloc</name>
         <load_address>0x50fc</load_address>
         <run_address>0x50fc</run_address>
         <size>0x38</size>
         <input_file_ref idref="fl-e1"/>
      </object_component>
      <object_component id="oc-1f6">
         <name>.text:IntRegister</name>
         <load_address>0x5134</load_address>
         <run_address>0x5134</run_address>
         <size>0x34</size>
         <input_file_ref idref="fl-ef"/>
      </object_component>
      <object_component id="oc-222">
         <name>.text:SysCtlPeripheralEnable</name>
         <load_address>0x5168</load_address>
         <run_address>0x5168</run_address>
         <size>0x34</size>
         <input_file_ref idref="fl-f2"/>
      </object_component>
      <object_component id="oc-5c">
         <name>.text:_c_int00_noargs:_c_int00_noargs</name>
         <load_address>0x519c</load_address>
         <run_address>0x519c</run_address>
         <size>0x34</size>
         <input_file_ref idref="fl-e2"/>
      </object_component>
      <object_component id="oc-db">
         <name>.text</name>
         <load_address>0x51d0</load_address>
         <run_address>0x51d0</run_address>
         <size>0x2e</size>
         <input_file_ref idref="fl-db"/>
      </object_component>
      <object_component id="oc-39e">
         <name>.text:GPIODirModeSet</name>
         <load_address>0x51fe</load_address>
         <run_address>0x51fe</run_address>
         <size>0x2c</size>
         <input_file_ref idref="fl-ee"/>
      </object_component>
      <object_component id="oc-3f0">
         <name>.text:free_list_insert</name>
         <load_address>0x522c</load_address>
         <run_address>0x522c</run_address>
         <size>0x28</size>
         <input_file_ref idref="fl-e1"/>
      </object_component>
      <object_component id="oc-246">
         <name>.text:IntPrioritySet</name>
         <load_address>0x5254</load_address>
         <run_address>0x5254</run_address>
         <size>0x24</size>
         <input_file_ref idref="fl-ef"/>
      </object_component>
      <object_component id="oc-296">
         <name>.text:PWMGenConfigure</name>
         <load_address>0x5278</load_address>
         <run_address>0x5278</run_address>
         <size>0x22</size>
         <input_file_ref idref="fl-f0"/>
      </object_component>
      <object_component id="oc-3d8">
         <name>.text:UARTDisable</name>
         <load_address>0x529c</load_address>
         <run_address>0x529c</run_address>
         <size>0x20</size>
         <input_file_ref idref="fl-f5"/>
      </object_component>
      <object_component id="oc-e6">
         <name>.text</name>
         <load_address>0x52bc</load_address>
         <run_address>0x52bc</run_address>
         <size>0x20</size>
         <input_file_ref idref="fl-dc"/>
      </object_component>
      <object_component id="oc-253">
         <name>.text:ADCSequenceDataGet</name>
         <load_address>0x52dc</load_address>
         <run_address>0x52dc</run_address>
         <size>0x1e</size>
         <input_file_ref idref="fl-ed"/>
      </object_component>
      <object_component id="oc-284">
         <name>.text:PWMPulseWidthSet</name>
         <load_address>0x52fa</load_address>
         <run_address>0x52fa</run_address>
         <size>0x1e</size>
         <input_file_ref idref="fl-f0"/>
      </object_component>
      <object_component id="oc-fd">
         <name>.text:SysTickIntRegister</name>
         <load_address>0x5318</load_address>
         <run_address>0x5318</run_address>
         <size>0x1c</size>
         <input_file_ref idref="fl-f3"/>
      </object_component>
      <object_component id="oc-3ea">
         <name>.text:free_list_remove</name>
         <load_address>0x5334</load_address>
         <run_address>0x5334</run_address>
         <size>0x1c</size>
         <input_file_ref idref="fl-e1"/>
      </object_component>
      <object_component id="oc-4b0">
         <name>.text:GPIOPinTypeGPIOOutput</name>
         <load_address>0x5350</load_address>
         <run_address>0x5350</run_address>
         <size>0x1a</size>
         <input_file_ref idref="fl-ee"/>
      </object_component>
      <object_component id="oc-418">
         <name>.text:copysign</name>
         <load_address>0x536a</load_address>
         <run_address>0x536a</run_address>
         <size>0x1a</size>
         <input_file_ref idref="fl-d4"/>
      </object_component>
      <object_component id="oc-271">
         <name>.text:ADCIntRegister</name>
         <load_address>0x5384</load_address>
         <run_address>0x5384</run_address>
         <size>0x18</size>
         <input_file_ref idref="fl-ed"/>
      </object_component>
      <object_component id="oc-d5">
         <name>.text:ADCProcessorTrigger</name>
         <load_address>0x539c</load_address>
         <run_address>0x539c</run_address>
         <size>0x18</size>
         <input_file_ref idref="fl-ed"/>
      </object_component>
      <object_component id="oc-228">
         <name>.text:GPIOIntRegister</name>
         <load_address>0x53b4</load_address>
         <run_address>0x53b4</run_address>
         <size>0x18</size>
         <input_file_ref idref="fl-ee"/>
      </object_component>
      <object_component id="oc-22e">
         <name>.text:GPIOPinTypeGPIOInput</name>
         <load_address>0x53cc</load_address>
         <run_address>0x53cc</run_address>
         <size>0x16</size>
         <input_file_ref idref="fl-ee"/>
      </object_component>
      <object_component id="oc-290">
         <name>.text:GPIOPinTypePWM</name>
         <load_address>0x53e2</load_address>
         <run_address>0x53e2</run_address>
         <size>0x16</size>
         <input_file_ref idref="fl-ee"/>
      </object_component>
      <object_component id="oc-492">
         <name>.text:GPIOPinTypeSSI</name>
         <load_address>0x53f8</load_address>
         <run_address>0x53f8</run_address>
         <size>0x16</size>
         <input_file_ref idref="fl-ee"/>
      </object_component>
      <object_component id="oc-2ab">
         <name>.text:GPIOPinTypeUART</name>
         <load_address>0x540e</load_address>
         <run_address>0x540e</run_address>
         <size>0x16</size>
         <input_file_ref idref="fl-ee"/>
      </object_component>
      <object_component id="oc-109">
         <name>.text:SysTickEnable</name>
         <load_address>0x5424</load_address>
         <run_address>0x5424</run_address>
         <size>0x14</size>
         <input_file_ref idref="fl-f3"/>
      </object_component>
      <object_component id="oc-103">
         <name>.text:SysTickIntEnable</name>
         <load_address>0x5438</load_address>
         <run_address>0x5438</run_address>
         <size>0x14</size>
         <input_file_ref idref="fl-f3"/>
      </object_component>
      <object_component id="oc-2bd">
         <name>.text:UARTEnable</name>
         <load_address>0x544c</load_address>
         <run_address>0x544c</run_address>
         <size>0x14</size>
         <input_file_ref idref="fl-f5"/>
      </object_component>
      <object_component id="oc-157">
         <name>.text:PWMOutputState</name>
         <load_address>0x5460</load_address>
         <run_address>0x5460</run_address>
         <size>0x12</size>
         <input_file_ref idref="fl-f0"/>
      </object_component>
      <object_component id="oc-277">
         <name>.text:ADCIntEnable</name>
         <load_address>0x5472</load_address>
         <run_address>0x5472</run_address>
         <size>0x10</size>
         <input_file_ref idref="fl-ed"/>
      </object_component>
      <object_component id="oc-15d">
         <name>.text:IntMasterEnable</name>
         <load_address>0x5482</load_address>
         <run_address>0x5482</run_address>
         <size>0x10</size>
         <input_file_ref idref="fl-ef"/>
      </object_component>
      <object_component id="oc-27e">
         <name>.text:PWMGenPeriodSet</name>
         <load_address>0x5492</load_address>
         <run_address>0x5492</run_address>
         <size>0x10</size>
         <input_file_ref idref="fl-f0"/>
      </object_component>
      <object_component id="oc-f7">
         <name>.text:SysTickPeriodSet</name>
         <load_address>0x54a4</load_address>
         <run_address>0x54a4</run_address>
         <size>0x10</size>
         <input_file_ref idref="fl-f3"/>
      </object_component>
      <object_component id="oc-26b">
         <name>.text:ADCSequenceEnable</name>
         <load_address>0x54b4</load_address>
         <run_address>0x54b4</run_address>
         <size>0xe</size>
         <input_file_ref idref="fl-ed"/>
      </object_component>
      <object_component id="oc-51a">
         <name>.text:TimerEnable</name>
         <load_address>0x54c2</load_address>
         <run_address>0x54c2</run_address>
         <size>0xe</size>
         <input_file_ref idref="fl-f4"/>
      </object_component>
      <object_component id="oc-1b">
         <name>.text:decompress:none:__TI_decompress_none</name>
         <load_address>0x54d0</load_address>
         <run_address>0x54d0</run_address>
         <size>0xe</size>
         <input_file_ref idref="fl-df"/>
      </object_component>
      <object_component id="oc-2f0">
         <name>.text:CPUcpsie</name>
         <load_address>0x54de</load_address>
         <run_address>0x54de</run_address>
         <size>0xc</size>
         <input_file_ref idref="fl-f6"/>
      </object_component>
      <object_component id="oc-240">
         <name>.text:GPIOIntEnable</name>
         <load_address>0x54ea</load_address>
         <run_address>0x54ea</run_address>
         <size>0xc</size>
         <input_file_ref idref="fl-ee"/>
      </object_component>
      <object_component id="oc-29c">
         <name>.text:PWMGenEnable</name>
         <load_address>0x54f6</load_address>
         <run_address>0x54f6</run_address>
         <size>0xc</size>
         <input_file_ref idref="fl-f0"/>
      </object_component>
      <object_component id="oc-4c2">
         <name>.text:SSIDataGet</name>
         <load_address>0x5502</load_address>
         <run_address>0x5502</run_address>
         <size>0xc</size>
         <input_file_ref idref="fl-f1"/>
      </object_component>
      <object_component id="oc-50">
         <name>.text:decompress:ZI:__TI_zero_init</name>
         <load_address>0x550e</load_address>
         <run_address>0x550e</run_address>
         <size>0xc</size>
         <input_file_ref idref="fl-de"/>
      </object_component>
      <object_component id="oc-2a">
         <name>.text</name>
         <load_address>0x551a</load_address>
         <run_address>0x551a</run_address>
         <size>0xc</size>
         <input_file_ref idref="fl-d"/>
      </object_component>
      <object_component id="oc-259">
         <name>.text:ADCIntClear</name>
         <load_address>0x5526</load_address>
         <run_address>0x5526</run_address>
         <size>0xa</size>
         <input_file_ref idref="fl-ed"/>
      </object_component>
      <object_component id="oc-4bc">
         <name>.text:SSIDataPut</name>
         <load_address>0x5530</load_address>
         <run_address>0x5530</run_address>
         <size>0xa</size>
         <input_file_ref idref="fl-f1"/>
      </object_component>
      <object_component id="oc-4a4">
         <name>.text:SSIEnable</name>
         <load_address>0x553a</load_address>
         <run_address>0x553a</run_address>
         <size>0xa</size>
         <input_file_ref idref="fl-f1"/>
      </object_component>
      <object_component id="oc-520">
         <name>.text:TimerValueGet</name>
         <load_address>0x5544</load_address>
         <run_address>0x5544</run_address>
         <size>0xa</size>
         <input_file_ref idref="fl-f4"/>
      </object_component>
      <object_component id="oc-2c3">
         <name>.text:UARTCharPut</name>
         <load_address>0x554e</load_address>
         <run_address>0x554e</run_address>
         <size>0xa</size>
         <input_file_ref idref="fl-f5"/>
      </object_component>
      <object_component id="oc-2b7">
         <name>.text:UARTFIFOEnable</name>
         <load_address>0x5558</load_address>
         <run_address>0x5558</run_address>
         <size>0xa</size>
         <input_file_ref idref="fl-f5"/>
      </object_component>
      <object_component id="oc-4b6">
         <name>.text:SSIBusy</name>
         <load_address>0x5562</load_address>
         <run_address>0x5562</run_address>
         <size>0x8</size>
         <input_file_ref idref="fl-f1"/>
      </object_component>
      <object_component id="oc-306">
         <name>.text:__aeabi_errno_addr</name>
         <load_address>0x556c</load_address>
         <run_address>0x556c</run_address>
         <size>0x8</size>
         <input_file_ref idref="fl-e3"/>
      </object_component>
      <object_component id="oc-3e3">
         <name>.text:malloc</name>
         <load_address>0x5574</load_address>
         <run_address>0x5574</run_address>
         <size>0x8</size>
         <input_file_ref idref="fl-e1"/>
      </object_component>
      <object_component id="oc-21c">
         <name>.text:GPIOIntClear</name>
         <load_address>0x557c</load_address>
         <run_address>0x557c</run_address>
         <size>0x6</size>
         <input_file_ref idref="fl-ee"/>
      </object_component>
      <object_component id="oc-216">
         <name>.text:GPIOPinRead</name>
         <load_address>0x5582</load_address>
         <run_address>0x5582</run_address>
         <size>0x6</size>
         <input_file_ref idref="fl-ee"/>
      </object_component>
      <object_component id="oc-4aa">
         <name>.text:GPIOPinWrite</name>
         <load_address>0x5588</load_address>
         <run_address>0x5588</run_address>
         <size>0x6</size>
         <input_file_ref idref="fl-ee"/>
      </object_component>
      <object_component id="oc-498">
         <name>.text:SSIClockSourceSet</name>
         <load_address>0x558e</load_address>
         <run_address>0x558e</run_address>
         <size>0x6</size>
         <input_file_ref idref="fl-f1"/>
      </object_component>
      <object_component id="oc-1ed">
         <name>.text:SysCtlDelay</name>
         <load_address>0x5594</load_address>
         <run_address>0x5594</run_address>
         <size>0x6</size>
         <input_file_ref idref="fl-f2"/>
      </object_component>
      <object_component id="oc-9c">
         <name>.text:_system_pre_init</name>
         <load_address>0x559a</load_address>
         <run_address>0x559a</run_address>
         <size>0x4</size>
         <input_file_ref idref="fl-e8"/>
      </object_component>
      <object_component id="oc-1a5">
         <name>.text:abort:abort</name>
         <load_address>0x559e</load_address>
         <run_address>0x559e</run_address>
         <size>0x4</size>
         <input_file_ref idref="fl-ea"/>
      </object_component>
      <object_component id="oc-4c8">
         <name>.const:.string:rgbOledFont0</name>
         <load_address>0x55a8</load_address>
         <run_address>0x55a8</run_address>
         <size>0x300</size>
         <input_file_ref idref="fl-11"/>
      </object_component>
      <object_component id="oc-467">
         <name>.const:g_ppui32GPIOIntMapSnowflake</name>
         <load_address>0x58a8</load_address>
         <run_address>0x58a8</run_address>
         <size>0xd8</size>
         <input_file_ref idref="fl-ee"/>
      </object_component>
      <object_component id="oc-464">
         <name>.const:g_ppui32GPIOIntMapBlizzard</name>
         <load_address>0x5980</load_address>
         <run_address>0x5980</run_address>
         <size>0xc0</size>
         <input_file_ref idref="fl-ee"/>
      </object_component>
      <object_component id="oc-3a8">
         <name>.const:g_pui32Regs</name>
         <load_address>0x5a40</load_address>
         <run_address>0x5a40</run_address>
         <size>0x9c</size>
         <input_file_ref idref="fl-ef"/>
      </object_component>
      <object_component id="oc-3c0">
         <name>.const:g_pui32GPIOBaseAddrs</name>
         <load_address>0x5adc</load_address>
         <run_address>0x5adc</run_address>
         <size>0x90</size>
         <input_file_ref idref="fl-ee"/>
      </object_component>
      <object_component id="oc-1f0">
         <name>.const:g_pui32Xtals</name>
         <load_address>0x5b6c</load_address>
         <run_address>0x5b6c</run_address>
         <size>0x6c</size>
         <input_file_ref idref="fl-f2"/>
      </object_component>
      <object_component id="oc-340">
         <name>.const:.string</name>
         <load_address>0x5bd8</load_address>
         <run_address>0x5bd8</run_address>
         <size>0x64</size>
         <input_file_ref idref="fl-2"/>
      </object_component>
      <object_component id="oc-4ce">
         <name>.const:.string:rgbFillPat</name>
         <load_address>0x5c3c</load_address>
         <run_address>0x5c3c</run_address>
         <size>0x40</size>
         <input_file_ref idref="fl-12"/>
      </object_component>
      <object_component id="oc-326">
         <name>.const</name>
         <load_address>0x5c7c</load_address>
         <run_address>0x5c7c</run_address>
         <size>0x4</size>
         <input_file_ref idref="fl-f"/>
      </object_component>
      <object_component id="oc-30c">
         <name>.const:$O1$$</name>
         <load_address>0x5c80</load_address>
         <run_address>0x5c80</run_address>
         <size>0x30</size>
         <input_file_ref idref="fl-d1"/>
      </object_component>
      <object_component id="oc-329">
         <name>.const:g_psDaysToMonth</name>
         <load_address>0x5cb0</load_address>
         <run_address>0x5cb0</run_address>
         <size>0x30</size>
         <input_file_ref idref="fl-f"/>
      </object_component>
      <object_component id="oc-32c">
         <name>.const:g_pfExponents</name>
         <load_address>0x5ce0</load_address>
         <run_address>0x5ce0</run_address>
         <size>0x18</size>
         <input_file_ref idref="fl-f"/>
      </object_component>
      <object_component id="oc-46b">
         <name>.const:g_pui32EnRegs</name>
         <load_address>0x5cf8</load_address>
         <run_address>0x5cf8</run_address>
         <size>0x14</size>
         <input_file_ref idref="fl-ef"/>
      </object_component>
      <object_component id="oc-432">
         <name>.const:.string</name>
         <load_address>0x5d0c</load_address>
         <run_address>0x5d0c</run_address>
         <size>0x12</size>
         <input_file_ref idref="fl-f"/>
      </object_component>
      <object_component id="oc-57b">
         <name>.cinit..data.load</name>
         <load_address>0x5d20</load_address>
         <run_address>0x5d20</run_address>
         <size>0x58</size>
      </object_component>
      <object_component id="oc-578">
         <name>__TI_handler_table</name>
         <load_address>0x5d78</load_address>
         <run_address>0x5d78</run_address>
         <size>0xc</size>
      </object_component>
      <object_component id="oc-57c">
         <name>.cinit..bss.load</name>
         <load_address>0x5d88</load_address>
         <run_address>0x5d88</run_address>
         <size>0x8</size>
      </object_component>
      <object_component id="oc-57a">
         <name>.cinit..vtable.load</name>
         <load_address>0x5d90</load_address>
         <run_address>0x5d90</run_address>
         <size>0x8</size>
      </object_component>
      <object_component id="oc-579">
         <name>__TI_cinit_table</name>
         <load_address>0x5d98</load_address>
         <run_address>0x5d98</run_address>
         <size>0x18</size>
      </object_component>
      <object_component id="oc-388">
         <name>.vtable</name>
         <uninitialized>true</uninitialized>
         <run_address>0x20000000</run_address>
         <size>0x26c</size>
         <input_file_ref idref="fl-ef"/>
      </object_component>
      <object_component id="oc-10f">
         <name>.data</name>
         <load_address>0x20000a79</load_address>
         <run_address>0x20000a79</run_address>
         <size>0x2</size>
         <input_file_ref idref="fl-2"/>
      </object_component>
      <object_component id="oc-193">
         <name>.data:currentStateCharArray</name>
         <load_address>0x20000a7c</load_address>
         <run_address>0x20000a7c</run_address>
         <size>0x1c</size>
         <input_file_ref idref="fl-2"/>
      </object_component>
      <object_component id="oc-118">
         <name>.data</name>
         <load_address>0x20000a08</load_address>
         <run_address>0x20000a08</run_address>
         <size>0x71</size>
         <input_file_ref idref="fl-6"/>
      </object_component>
      <object_component id="oc-190">
         <name>.data</name>
         <load_address>0x20000aa2</load_address>
         <run_address>0x20000aa2</run_address>
         <size>0x2</size>
         <input_file_ref idref="fl-a"/>
      </object_component>
      <object_component id="oc-11e">
         <name>.data</name>
         <load_address>0x20000a98</load_address>
         <run_address>0x20000a98</run_address>
         <size>0xa</size>
         <input_file_ref idref="fl-b"/>
      </object_component>
      <object_component id="oc-24f">
         <name>.data:quadratureLookup</name>
         <load_address>0x20000ab4</load_address>
         <run_address>0x20000ab4</run_address>
         <size>0x4</size>
         <input_file_ref idref="fl-b"/>
      </object_component>
      <object_component id="oc-2ea">
         <name>.data</name>
         <load_address>0x20000a7b</load_address>
         <run_address>0x20000a7b</run_address>
         <size>0x1</size>
         <input_file_ref idref="fl-c"/>
      </object_component>
      <object_component id="oc-32f">
         <name>.data</name>
         <load_address>0x20000abc</load_address>
         <run_address>0x20000abc</run_address>
         <size>0x4</size>
         <input_file_ref idref="fl-f"/>
      </object_component>
      <object_component id="oc-4df">
         <name>.data:$O1$$</name>
         <load_address>0x20000aac</load_address>
         <run_address>0x20000aac</run_address>
         <size>0x8</size>
         <input_file_ref idref="fl-e1"/>
      </object_component>
      <object_component id="oc-411">
         <name>.data</name>
         <load_address>0x20000ab8</load_address>
         <run_address>0x20000ab8</run_address>
         <size>0x4</size>
         <input_file_ref idref="fl-e3"/>
      </object_component>
      <object_component id="oc-35a">
         <name>.data:$O1$$</name>
         <load_address>0x20000aa4</load_address>
         <run_address>0x20000aa4</run_address>
         <size>0x8</size>
         <input_file_ref idref="fl-eb"/>
      </object_component>
      <object_component id="oc-115">
         <name>.bss</name>
         <uninitialized>true</uninitialized>
         <run_address>0x200006b8</run_address>
         <size>0x4</size>
         <input_file_ref idref="fl-2"/>
      </object_component>
      <object_component id="oc-112">
         <name>.bss:scheduled_tasks</name>
         <uninitialized>true</uninitialized>
         <run_address>0x20000670</run_address>
         <size>0x18</size>
         <input_file_ref idref="fl-2"/>
      </object_component>
      <object_component id="oc-2db">
         <name>.bss:but_state</name>
         <uninitialized>true</uninitialized>
         <run_address>0x200006b0</run_address>
         <size>0x8</size>
         <input_file_ref idref="fl-4"/>
      </object_component>
      <object_component id="oc-2de">
         <name>.bss:but_count</name>
         <uninitialized>true</uninitialized>
         <run_address>0x20000698</run_address>
         <size>0x8</size>
         <input_file_ref idref="fl-4"/>
      </object_component>
      <object_component id="oc-2e1">
         <name>.bss:but_flag</name>
         <uninitialized>true</uninitialized>
         <run_address>0x200006a0</run_address>
         <size>0x8</size>
         <input_file_ref idref="fl-4"/>
      </object_component>
      <object_component id="oc-2d8">
         <name>.bss:but_normal</name>
         <uninitialized>true</uninitialized>
         <run_address>0x200006a8</run_address>
         <size>0x8</size>
         <input_file_ref idref="fl-4"/>
      </object_component>
      <object_component id="oc-24c">
         <name>.bss</name>
         <uninitialized>true</uninitialized>
         <run_address>0x200006fc</run_address>
         <size>0x3</size>
         <input_file_ref idref="fl-b"/>
      </object_component>
      <object_component id="oc-16d">
         <name>.common:g_inBuffer</name>
         <uninitialized>true</uninitialized>
         <run_address>0x20000688</run_address>
         <size>0x10</size>
      </object_component>
      <object_component id="oc-11b">
         <name>.common:percentAltitude</name>
         <uninitialized>true</uninitialized>
         <run_address>0x20000700</run_address>
         <size>0x2</size>
      </object_component>
      <object_component id="oc-2e6">
         <name>.common:switch_state</name>
         <uninitialized>true</uninitialized>
         <run_address>0x20000703</run_address>
         <size>0x1</size>
      </object_component>
      <object_component id="oc-2e9">
         <name>.common:newswitch_state</name>
         <uninitialized>true</uninitialized>
         <run_address>0x20000702</run_address>
         <size>0x1</size>
      </object_component>
      <object_component id="oc-196">
         <name>.common:statusStr</name>
         <uninitialized>true</uninitialized>
         <run_address>0x2000046c</run_address>
         <size>0x104</size>
      </object_component>
      <object_component id="oc-508">
         <name>.common:xcoOledCur</name>
         <uninitialized>true</uninitialized>
         <run_address>0x200006ec</run_address>
         <size>0x4</size>
      </object_component>
      <object_component id="oc-509">
         <name>.common:ycoOledCur</name>
         <uninitialized>true</uninitialized>
         <run_address>0x200006f8</run_address>
         <size>0x4</size>
      </object_component>
      <object_component id="oc-48a">
         <name>.common:pbOledCur</name>
         <uninitialized>true</uninitialized>
         <run_address>0x200006d0</run_address>
         <size>0x4</size>
      </object_component>
      <object_component id="oc-50a">
         <name>.common:bnOledCur</name>
         <uninitialized>true</uninitialized>
         <run_address>0x200006bc</run_address>
         <size>0x4</size>
      </object_component>
      <object_component id="oc-4cc">
         <name>.common:clrOledCur</name>
         <uninitialized>true</uninitialized>
         <run_address>0x200006ff</run_address>
         <size>0x1</size>
      </object_component>
      <object_component id="oc-4cd">
         <name>.common:pbOledPatCur</name>
         <uninitialized>true</uninitialized>
         <run_address>0x200006dc</run_address>
         <size>0x4</size>
      </object_component>
      <object_component id="oc-488">
         <name>.common:fOledCharUpdate</name>
         <uninitialized>true</uninitialized>
         <run_address>0x200006c8</run_address>
         <size>0x4</size>
      </object_component>
      <object_component id="oc-483">
         <name>.common:dxcoOledFontCur</name>
         <uninitialized>true</uninitialized>
         <run_address>0x200006c0</run_address>
         <size>0x4</size>
      </object_component>
      <object_component id="oc-486">
         <name>.common:dycoOledFontCur</name>
         <uninitialized>true</uninitialized>
         <run_address>0x200006c4</run_address>
         <size>0x4</size>
      </object_component>
      <object_component id="oc-489">
         <name>.common:pbOledFontCur</name>
         <uninitialized>true</uninitialized>
         <run_address>0x200006d4</run_address>
         <size>0x4</size>
      </object_component>
      <object_component id="oc-487">
         <name>.common:pbOledFontUser</name>
         <uninitialized>true</uninitialized>
         <run_address>0x200006d8</run_address>
         <size>0x4</size>
      </object_component>
      <object_component id="oc-4d1">
         <name>.common:rgbOledBmp</name>
         <uninitialized>true</uninitialized>
         <run_address>0x2000026c</run_address>
         <size>0x200</size>
      </object_component>
      <object_component id="oc-481">
         <name>.common:xchOledCur</name>
         <uninitialized>true</uninitialized>
         <run_address>0x200006e4</run_address>
         <size>0x4</size>
      </object_component>
      <object_component id="oc-482">
         <name>.common:ychOledCur</name>
         <uninitialized>true</uninitialized>
         <run_address>0x200006f0</run_address>
         <size>0x4</size>
      </object_component>
      <object_component id="oc-47d">
         <name>.common:xchOledMax</name>
         <uninitialized>true</uninitialized>
         <run_address>0x200006e8</run_address>
         <size>0x4</size>
      </object_component>
      <object_component id="oc-480">
         <name>.common:ychOledMax</name>
         <uninitialized>true</uninitialized>
         <run_address>0x200006f4</run_address>
         <size>0x4</size>
      </object_component>
      <object_component id="oc-4cb">
         <name>.common:rgbOledFontUser</name>
         <uninitialized>true</uninitialized>
         <run_address>0x20000570</run_address>
         <size>0x100</size>
      </object_component>
      <object_component id="oc-50e">
         <name>.common:pfnDoRop</name>
         <uninitialized>true</uninitialized>
         <run_address>0x200006e0</run_address>
         <size>0x4</size>
      </object_component>
      <object_component id="oc-50b">
         <name>.common:modOledCur</name>
         <uninitialized>true</uninitialized>
         <run_address>0x200006cc</run_address>
         <size>0x4</size>
      </object_component>
      <object_component id="oc-24">
         <name>.sysmem</name>
         <uninitialized>true</uninitialized>
         <run_address>0x20000908</run_address>
         <size>0x10</size>
         <input_file_ref idref="fl-e1"/>
      </object_component>
      <object_component id="oc-57f">
         <name>.sysmem</name>
         <uninitialized>true</uninitialized>
         <run_address>0x20000908</run_address>
         <size>0x0</size>
      </object_component>
      <object_component id="oc-27">
         <name>.stack</name>
         <uninitialized>true</uninitialized>
         <run_address>0x20000708</run_address>
         <size>0x4</size>
         <input_file_ref idref="fl-e2"/>
      </object_component>
      <object_component id="oc-57e">
         <name>.stack</name>
         <uninitialized>true</uninitialized>
         <run_address>0x20000708</run_address>
         <size>0x0</size>
      </object_component>
      <object_component id="oc-1a4">
         <name>.debug_info</name>
         <load_address>0x0</load_address>
         <run_address>0x0</run_address>
         <size>0xb08</size>
         <input_file_ref idref="fl-2"/>
      </object_component>
      <object_component id="oc-110">
         <name>.debug_info</name>
         <load_address>0xb08</load_address>
         <run_address>0xb08</run_address>
         <size>0x103</size>
         <input_file_ref idref="fl-2"/>
      </object_component>
      <object_component id="oc-116">
         <name>.debug_info</name>
         <load_address>0xc0b</load_address>
         <run_address>0xc0b</run_address>
         <size>0xdf</size>
         <input_file_ref idref="fl-2"/>
      </object_component>
      <object_component id="oc-113">
         <name>.debug_info</name>
         <load_address>0xcea</load_address>
         <run_address>0xcea</run_address>
         <size>0xe7</size>
         <input_file_ref idref="fl-2"/>
      </object_component>
      <object_component id="oc-194">
         <name>.debug_info</name>
         <load_address>0xdd1</load_address>
         <run_address>0xdd1</run_address>
         <size>0xf3</size>
         <input_file_ref idref="fl-2"/>
      </object_component>
      <object_component id="oc-a3">
         <name>.debug_info</name>
         <load_address>0xec4</load_address>
         <run_address>0xec4</run_address>
         <size>0x82c</size>
         <input_file_ref idref="fl-2"/>
      </object_component>
      <object_component id="oc-2fb">
         <name>.debug_info</name>
         <load_address>0x16f0</load_address>
         <run_address>0x16f0</run_address>
         <size>0x86</size>
         <input_file_ref idref="fl-2"/>
      </object_component>
      <object_component id="oc-20e">
         <name>.debug_info</name>
         <load_address>0x1776</load_address>
         <run_address>0x1776</run_address>
         <size>0x26b</size>
         <input_file_ref idref="fl-2"/>
      </object_component>
      <object_component id="oc-19a">
         <name>.debug_info</name>
         <load_address>0x19e1</load_address>
         <run_address>0x19e1</run_address>
         <size>0x8b</size>
         <input_file_ref idref="fl-2"/>
      </object_component>
      <object_component id="oc-345">
         <name>.debug_info</name>
         <load_address>0x1a6c</load_address>
         <run_address>0x1a6c</run_address>
         <size>0x2a4</size>
         <input_file_ref idref="fl-2"/>
      </object_component>
      <object_component id="oc-19f">
         <name>.debug_info</name>
         <load_address>0x1d10</load_address>
         <run_address>0x1d10</run_address>
         <size>0xbb</size>
         <input_file_ref idref="fl-2"/>
      </object_component>
      <object_component id="oc-34c">
         <name>.debug_info</name>
         <load_address>0x1dcb</load_address>
         <run_address>0x1dcb</run_address>
         <size>0x35</size>
         <input_file_ref idref="fl-2"/>
      </object_component>
      <object_component id="oc-351">
         <name>.debug_info</name>
         <load_address>0x1e00</load_address>
         <run_address>0x1e00</run_address>
         <size>0xb6</size>
         <input_file_ref idref="fl-2"/>
      </object_component>
      <object_component id="oc-201">
         <name>.debug_info</name>
         <load_address>0x1eb6</load_address>
         <run_address>0x1eb6</run_address>
         <size>0x6c</size>
         <input_file_ref idref="fl-2"/>
      </object_component>
      <object_component id="oc-16e">
         <name>.debug_info</name>
         <load_address>0x1f22</load_address>
         <run_address>0x1f22</run_address>
         <size>0x4e4</size>
         <input_file_ref idref="fl-3"/>
      </object_component>
      <object_component id="oc-12e">
         <name>.debug_info</name>
         <load_address>0x2406</load_address>
         <run_address>0x2406</run_address>
         <size>0x24f</size>
         <input_file_ref idref="fl-3"/>
      </object_component>
      <object_component id="oc-3f9">
         <name>.debug_info</name>
         <load_address>0x2655</load_address>
         <run_address>0x2655</run_address>
         <size>0x110</size>
         <input_file_ref idref="fl-3"/>
      </object_component>
      <object_component id="oc-39">
         <name>.debug_info</name>
         <load_address>0x2765</load_address>
         <run_address>0x2765</run_address>
         <size>0x84</size>
         <input_file_ref idref="fl-3"/>
      </object_component>
      <object_component id="oc-2e5">
         <name>.debug_info</name>
         <load_address>0x27e9</load_address>
         <run_address>0x27e9</run_address>
         <size>0x374</size>
         <input_file_ref idref="fl-4"/>
      </object_component>
      <object_component id="oc-2dc">
         <name>.debug_info</name>
         <load_address>0x2b5d</load_address>
         <run_address>0x2b5d</run_address>
         <size>0xde</size>
         <input_file_ref idref="fl-4"/>
      </object_component>
      <object_component id="oc-2df">
         <name>.debug_info</name>
         <load_address>0x2c3b</load_address>
         <run_address>0x2c3b</run_address>
         <size>0xde</size>
         <input_file_ref idref="fl-4"/>
      </object_component>
      <object_component id="oc-2e2">
         <name>.debug_info</name>
         <load_address>0x2d19</load_address>
         <run_address>0x2d19</run_address>
         <size>0xdc</size>
         <input_file_ref idref="fl-4"/>
      </object_component>
      <object_component id="oc-2d9">
         <name>.debug_info</name>
         <load_address>0x2df5</load_address>
         <run_address>0x2df5</run_address>
         <size>0xe0</size>
         <input_file_ref idref="fl-4"/>
      </object_component>
      <object_component id="oc-14d">
         <name>.debug_info</name>
         <load_address>0x2ed5</load_address>
         <run_address>0x2ed5</run_address>
         <size>0x407</size>
         <input_file_ref idref="fl-4"/>
      </object_component>
      <object_component id="oc-2d7">
         <name>.debug_info</name>
         <load_address>0x32dc</load_address>
         <run_address>0x32dc</run_address>
         <size>0x2e3</size>
         <input_file_ref idref="fl-5"/>
      </object_component>
      <object_component id="oc-148">
         <name>.debug_info</name>
         <load_address>0x35bf</load_address>
         <run_address>0x35bf</run_address>
         <size>0x334</size>
         <input_file_ref idref="fl-5"/>
      </object_component>
      <object_component id="oc-11c">
         <name>.debug_info</name>
         <load_address>0x38f3</load_address>
         <run_address>0x38f3</run_address>
         <size>0x2ce</size>
         <input_file_ref idref="fl-6"/>
      </object_component>
      <object_component id="oc-119">
         <name>.debug_info</name>
         <load_address>0x3bc1</load_address>
         <run_address>0x3bc1</run_address>
         <size>0x3c8</size>
         <input_file_ref idref="fl-6"/>
      </object_component>
      <object_component id="oc-e1">
         <name>.debug_info</name>
         <load_address>0x3f89</load_address>
         <run_address>0x3f89</run_address>
         <size>0x845</size>
         <input_file_ref idref="fl-6"/>
      </object_component>
      <object_component id="oc-2aa">
         <name>.debug_info</name>
         <load_address>0x47ce</load_address>
         <run_address>0x47ce</run_address>
         <size>0x32e</size>
         <input_file_ref idref="fl-7"/>
      </object_component>
      <object_component id="oc-13b">
         <name>.debug_info</name>
         <load_address>0x4afc</load_address>
         <run_address>0x4afc</run_address>
         <size>0x4cf</size>
         <input_file_ref idref="fl-7"/>
      </object_component>
      <object_component id="oc-191">
         <name>.debug_info</name>
         <load_address>0x4fcb</load_address>
         <run_address>0x4fcb</run_address>
         <size>0x105</size>
         <input_file_ref idref="fl-a"/>
      </object_component>
      <object_component id="oc-134">
         <name>.debug_info</name>
         <load_address>0x50d0</load_address>
         <run_address>0x50d0</run_address>
         <size>0x48a</size>
         <input_file_ref idref="fl-a"/>
      </object_component>
      <object_component id="oc-3b0">
         <name>.debug_info</name>
         <load_address>0x555a</load_address>
         <run_address>0x555a</run_address>
         <size>0x51a</size>
         <input_file_ref idref="fl-b"/>
      </object_component>
      <object_component id="oc-11f">
         <name>.debug_info</name>
         <load_address>0x5a74</load_address>
         <run_address>0x5a74</run_address>
         <size>0x168</size>
         <input_file_ref idref="fl-b"/>
      </object_component>
      <object_component id="oc-24d">
         <name>.debug_info</name>
         <load_address>0x5bdc</load_address>
         <run_address>0x5bdc</run_address>
         <size>0x11e</size>
         <input_file_ref idref="fl-b"/>
      </object_component>
      <object_component id="oc-250">
         <name>.debug_info</name>
         <load_address>0x5cfa</load_address>
         <run_address>0x5cfa</run_address>
         <size>0xee</size>
         <input_file_ref idref="fl-b"/>
      </object_component>
      <object_component id="oc-128">
         <name>.debug_info</name>
         <load_address>0x5de8</load_address>
         <run_address>0x5de8</run_address>
         <size>0x47f</size>
         <input_file_ref idref="fl-b"/>
      </object_component>
      <object_component id="oc-2e7">
         <name>.debug_info</name>
         <load_address>0x6267</load_address>
         <run_address>0x6267</run_address>
         <size>0x3b0</size>
         <input_file_ref idref="fl-c"/>
      </object_component>
      <object_component id="oc-2eb">
         <name>.debug_info</name>
         <load_address>0x6617</load_address>
         <run_address>0x6617</run_address>
         <size>0xf3</size>
         <input_file_ref idref="fl-c"/>
      </object_component>
      <object_component id="oc-152">
         <name>.debug_info</name>
         <load_address>0x670a</load_address>
         <run_address>0x670a</run_address>
         <size>0x22e</size>
         <input_file_ref idref="fl-c"/>
      </object_component>
      <object_component id="oc-32">
         <name>.debug_info</name>
         <load_address>0x6938</load_address>
         <run_address>0x6938</run_address>
         <size>0x2bd</size>
         <input_file_ref idref="fl-d"/>
      </object_component>
      <object_component id="oc-13">
         <name>.debug_info</name>
         <load_address>0x6bf5</load_address>
         <run_address>0x6bf5</run_address>
         <size>0xfc</size>
         <input_file_ref idref="fl-d"/>
      </object_component>
      <object_component id="oc-2b">
         <name>.debug_info</name>
         <load_address>0x6cf1</load_address>
         <run_address>0x6cf1</run_address>
         <size>0x278</size>
         <input_file_ref idref="fl-d"/>
      </object_component>
      <object_component id="oc-77">
         <name>.debug_info</name>
         <load_address>0x6f69</load_address>
         <run_address>0x6f69</run_address>
         <size>0x26b</size>
         <input_file_ref idref="fl-d"/>
      </object_component>
      <object_component id="oc-c0">
         <name>.debug_info</name>
         <load_address>0x71d4</load_address>
         <run_address>0x71d4</run_address>
         <size>0x297</size>
         <input_file_ref idref="fl-d"/>
      </object_component>
      <object_component id="oc-37f">
         <name>.debug_info</name>
         <load_address>0x746b</load_address>
         <run_address>0x746b</run_address>
         <size>0xef</size>
         <input_file_ref idref="fl-d"/>
      </object_component>
      <object_component id="oc-7c">
         <name>.debug_info</name>
         <load_address>0x755a</load_address>
         <run_address>0x755a</run_address>
         <size>0xbb</size>
         <input_file_ref idref="fl-d"/>
      </object_component>
      <object_component id="oc-197">
         <name>.debug_info</name>
         <load_address>0x7615</load_address>
         <run_address>0x7615</run_address>
         <size>0x468</size>
         <input_file_ref idref="fl-e"/>
      </object_component>
      <object_component id="oc-140">
         <name>.debug_info</name>
         <load_address>0x7a7d</load_address>
         <run_address>0x7a7d</run_address>
         <size>0x276</size>
         <input_file_ref idref="fl-e"/>
      </object_component>
      <object_component id="oc-333">
         <name>.debug_info</name>
         <load_address>0x7cf3</load_address>
         <run_address>0x7cf3</run_address>
         <size>0x2d9</size>
         <input_file_ref idref="fl-f"/>
      </object_component>
      <object_component id="oc-327">
         <name>.debug_info</name>
         <load_address>0x7fcc</load_address>
         <run_address>0x7fcc</run_address>
         <size>0xe0</size>
         <input_file_ref idref="fl-f"/>
      </object_component>
      <object_component id="oc-32a">
         <name>.debug_info</name>
         <load_address>0x80ac</load_address>
         <run_address>0x80ac</run_address>
         <size>0xf1</size>
         <input_file_ref idref="fl-f"/>
      </object_component>
      <object_component id="oc-32d">
         <name>.debug_info</name>
         <load_address>0x819d</load_address>
         <run_address>0x819d</run_address>
         <size>0xed</size>
         <input_file_ref idref="fl-f"/>
      </object_component>
      <object_component id="oc-330">
         <name>.debug_info</name>
         <load_address>0x828a</load_address>
         <run_address>0x828a</run_address>
         <size>0xed</size>
         <input_file_ref idref="fl-f"/>
      </object_component>
      <object_component id="oc-18c">
         <name>.debug_info</name>
         <load_address>0x8377</load_address>
         <run_address>0x8377</run_address>
         <size>0xe5f</size>
         <input_file_ref idref="fl-f"/>
      </object_component>
      <object_component id="oc-334">
         <name>.debug_info</name>
         <load_address>0x91d6</load_address>
         <run_address>0x91d6</run_address>
         <size>0x196</size>
         <input_file_ref idref="fl-f"/>
      </object_component>
      <object_component id="oc-339">
         <name>.debug_info</name>
         <load_address>0x936c</load_address>
         <run_address>0x936c</run_address>
         <size>0x2c</size>
         <input_file_ref idref="fl-f"/>
      </object_component>
      <object_component id="oc-3d4">
         <name>.debug_info</name>
         <load_address>0x9398</load_address>
         <run_address>0x9398</run_address>
         <size>0x35b</size>
         <input_file_ref idref="fl-10"/>
      </object_component>
      <object_component id="oc-2a7">
         <name>.debug_info</name>
         <load_address>0x96f3</load_address>
         <run_address>0x96f3</run_address>
         <size>0x306</size>
         <input_file_ref idref="fl-10"/>
      </object_component>
      <object_component id="oc-533">
         <name>.debug_info</name>
         <load_address>0x99f9</load_address>
         <run_address>0x99f9</run_address>
         <size>0xf0</size>
         <input_file_ref idref="fl-11"/>
      </object_component>
      <object_component id="oc-4c9">
         <name>.debug_info</name>
         <load_address>0x9ae9</load_address>
         <run_address>0x9ae9</run_address>
         <size>0x104</size>
         <input_file_ref idref="fl-11"/>
      </object_component>
      <object_component id="oc-536">
         <name>.debug_info</name>
         <load_address>0x9bed</load_address>
         <run_address>0x9bed</run_address>
         <size>0xed</size>
         <input_file_ref idref="fl-12"/>
      </object_component>
      <object_component id="oc-4cf">
         <name>.debug_info</name>
         <load_address>0x9cda</load_address>
         <run_address>0x9cda</run_address>
         <size>0xff</size>
         <input_file_ref idref="fl-12"/>
      </object_component>
      <object_component id="oc-484">
         <name>.debug_info</name>
         <load_address>0x9dd9</load_address>
         <run_address>0x9dd9</run_address>
         <size>0x85d</size>
         <input_file_ref idref="fl-13"/>
      </object_component>
      <object_component id="oc-3ce">
         <name>.debug_info</name>
         <load_address>0xa636</load_address>
         <run_address>0xa636</run_address>
         <size>0xbeb</size>
         <input_file_ref idref="fl-13"/>
      </object_component>
      <object_component id="oc-47e">
         <name>.debug_info</name>
         <load_address>0xb221</load_address>
         <run_address>0xb221</run_address>
         <size>0x4da</size>
         <input_file_ref idref="fl-14"/>
      </object_component>
      <object_component id="oc-3c8">
         <name>.debug_info</name>
         <load_address>0xb6fb</load_address>
         <run_address>0xb6fb</run_address>
         <size>0x8be</size>
         <input_file_ref idref="fl-14"/>
      </object_component>
      <object_component id="oc-50c">
         <name>.debug_info</name>
         <load_address>0xbfb9</load_address>
         <run_address>0xbfb9</run_address>
         <size>0x4b4</size>
         <input_file_ref idref="fl-15"/>
      </object_component>
      <object_component id="oc-478">
         <name>.debug_info</name>
         <load_address>0xc46d</load_address>
         <run_address>0xc46d</run_address>
         <size>0x1b56</size>
         <input_file_ref idref="fl-15"/>
      </object_component>
      <object_component id="oc-490">
         <name>.debug_info</name>
         <load_address>0xdfc3</load_address>
         <run_address>0xdfc3</run_address>
         <size>0x251</size>
         <input_file_ref idref="fl-16"/>
      </object_component>
      <object_component id="oc-31b">
         <name>.debug_info</name>
         <load_address>0xe214</load_address>
         <run_address>0xe214</run_address>
         <size>0x363</size>
         <input_file_ref idref="fl-d1"/>
      </object_component>
      <object_component id="oc-30d">
         <name>.debug_info</name>
         <load_address>0xe577</load_address>
         <run_address>0xe577</run_address>
         <size>0x128</size>
         <input_file_ref idref="fl-d1"/>
      </object_component>
      <object_component id="oc-172">
         <name>.debug_info</name>
         <load_address>0xe69f</load_address>
         <run_address>0xe69f</run_address>
         <size>0xbdf</size>
         <input_file_ref idref="fl-d1"/>
      </object_component>
      <object_component id="oc-425">
         <name>.debug_info</name>
         <load_address>0xf27e</load_address>
         <run_address>0xf27e</run_address>
         <size>0x46</size>
         <input_file_ref idref="fl-d1"/>
      </object_component>
      <object_component id="oc-316">
         <name>.debug_info</name>
         <load_address>0xf2c4</load_address>
         <run_address>0xf2c4</run_address>
         <size>0x39</size>
         <input_file_ref idref="fl-d1"/>
      </object_component>
      <object_component id="oc-410">
         <name>.debug_info</name>
         <load_address>0xf2fd</load_address>
         <run_address>0xf2fd</run_address>
         <size>0x2ca</size>
         <input_file_ref idref="fl-d2"/>
      </object_component>
      <object_component id="oc-302">
         <name>.debug_info</name>
         <load_address>0xf5c7</load_address>
         <run_address>0xf5c7</run_address>
         <size>0x24e</size>
         <input_file_ref idref="fl-d2"/>
      </object_component>
      <object_component id="oc-41f">
         <name>.debug_info</name>
         <load_address>0xf815</load_address>
         <run_address>0xf815</run_address>
         <size>0x2fd</size>
         <input_file_ref idref="fl-d3"/>
      </object_component>
      <object_component id="oc-313">
         <name>.debug_info</name>
         <load_address>0xfb12</load_address>
         <run_address>0xfb12</run_address>
         <size>0x225</size>
         <input_file_ref idref="fl-d3"/>
      </object_component>
[...]
      </symbol>
      <symbol id="sm-558">
         <name>OrbitOledRopAnd</name>
         <value>0x20af</value>
         <object_component_ref idref="oc-477"/>
      </symbol>
      <symbol id="sm-559">
         <name>OrbitOledPutBmp</name>
         <value>0x1e15</value>
         <object_component_ref idref="oc-477"/>
      </symbol>
      <symbol id="sm-55a">
         <name>OrbitOledSetDrawMode</name>
         <value>0x194d</value>
         <object_component_ref idref="oc-477"/>
      </symbol>
      <symbol id="sm-55b">
         <name>OrbitOledClampXco</name>
         <value>0x21a1</value>
         <object_component_ref idref="oc-477"/>
      </symbol>
      <symbol id="sm-55c">
         <name>OrbitOledSetFillPattern</name>
         <value>0x193d</value>
         <object_component_ref idref="oc-477"/>
      </symbol>
      <symbol id="sm-55d">
         <name>OrbitOledRopOr</name>
         <value>0x208b</value>
         <object_component_ref idref="oc-477"/>
      </symbol>
      <symbol id="sm-56f">
         <name>DelayMs</name>
         <value>0x4d0b</value>
         <object_component_ref idref="oc-48c"/>
      </symbol>
      <symbol id="sm-570">
         <name>DelayInit</name>
         <value>0x4cf1</value>
         <object_component_ref idref="oc-48c"/>
      </symbol>
      <symbol id="sm-607">
         <name>pow</name>
         <value>0xef1</value>
         <object_component_ref idref="oc-170"/>
      </symbol>
      <symbol id="sm-608">
         <name>powl</name>
         <value>0xef1</value>
         <object_component_ref idref="oc-170"/>
      </symbol>
      <symbol id="sm-62a">
         <name>sqrtl</name>
         <value>0x3ba1</value>
         <object_component_ref idref="oc-300"/>
      </symbol>
      <symbol id="sm-62b">
         <name>sqrt</name>
         <value>0x3ba1</value>
         <object_component_ref idref="oc-300"/>
      </symbol>
      <symbol id="sm-652">
         <name>scalbn</name>
         <value>0x418d</value>
         <object_component_ref idref="oc-30f"/>
      </symbol>
      <symbol id="sm-653">
         <name>scalbnl</name>
         <value>0x418d</value>
         <object_component_ref idref="oc-30f"/>
      </symbol>
      <symbol id="sm-654">
         <name>ldexpl</name>
         <value>0x418d</value>
         <object_component_ref idref="oc-30f"/>
      </symbol>
      <symbol id="sm-655">
         <name>ldexp</name>
         <value>0x418d</value>
         <object_component_ref idref="oc-30f"/>
      </symbol>
      <symbol id="sm-65f">
         <name>copysign</name>
         <value>0x536b</value>
         <object_component_ref idref="oc-418"/>
      </symbol>
      <symbol id="sm-660">
         <name>copysignl</name>
         <value>0x536b</value>
         <object_component_ref idref="oc-418"/>
      </symbol>
      <symbol id="sm-677">
         <name>__aeabi_dsub</name>
         <value>0x387d</value>
         <object_component_ref idref="oc-176"/>
      </symbol>
      <symbol id="sm-678">
         <name>__aeabi_dadd</name>
         <value>0x3887</value>
         <object_component_ref idref="oc-176"/>
      </symbol>
      <symbol id="sm-69a">
         <name>__aeabi_cdcmpeq</name>
         <value>0x4871</value>
         <object_component_ref idref="oc-168"/>
      </symbol>
      <symbol id="sm-69b">
         <name>__aeabi_cdcmple</name>
         <value>0x4871</value>
         <object_component_ref idref="oc-168"/>
      </symbol>
      <symbol id="sm-69c">
         <name>__aeabi_cdrcmple</name>
         <value>0x48f7</value>
         <object_component_ref idref="oc-163"/>
      </symbol>
      <symbol id="sm-6b0">
         <name>__aeabi_ddiv</name>
         <value>0x3cf9</value>
         <object_component_ref idref="oc-17b"/>
      </symbol>
      <symbol id="sm-6bb">
         <name>__aeabi_dmul</name>
         <value>0x439d</value>
         <object_component_ref idref="oc-180"/>
      </symbol>
      <symbol id="sm-6c5">
         <name>__aeabi_d2iz</name>
         <value>0x4ee1</value>
         <object_component_ref idref="oc-185"/>
      </symbol>
      <symbol id="sm-6cf">
         <name>__aeabi_d2uiz</name>
         <value>0x503d</value>
         <object_component_ref idref="oc-1e6"/>
      </symbol>
      <symbol id="sm-6d9">
         <name>__aeabi_i2d</name>
         <value>0x51d1</value>
         <object_component_ref idref="oc-db"/>
      </symbol>
      <symbol id="sm-6e3">
         <name>__aeabi_ui2d</name>
         <value>0x52bd</value>
         <object_component_ref idref="oc-e6"/>
      </symbol>
      <symbol id="sm-6f2">
         <name>__aeabi_uidivmod</name>
         <value>0x5081</value>
         <object_component_ref idref="oc-321"/>
      </symbol>
      <symbol id="sm-6f3">
         <name>__aeabi_uidiv</name>
         <value>0x5081</value>
         <object_component_ref idref="oc-321"/>
      </symbol>
      <symbol id="sm-70a">
         <name>__TI_zero_init</name>
         <value>0x550f</value>
         <object_component_ref idref="oc-50"/>
      </symbol>
      <symbol id="sm-721">
         <name>__TI_decompress_none</name>
         <value>0x54d1</value>
         <object_component_ref idref="oc-1b"/>
      </symbol>
      <symbol id="sm-744">
         <name>__TI_decompress_lzss</name>
         <value>0x4c29</value>
         <object_component_ref idref="oc-15"/>
      </symbol>
      <symbol id="sm-7d9">
         <name>_sys_memory</name>
         <value>0x20000908</value>
         <object_component_ref idref="oc-24"/>
      </symbol>
      <symbol id="sm-7da">
         <name>free</name>
         <value>0x458d</value>
         <object_component_ref idref="oc-2d0"/>
      </symbol>
      <symbol id="sm-7db">
         <name>memalign</name>
         <value>0x429d</value>
         <object_component_ref idref="oc-4d8"/>
      </symbol>
      <symbol id="sm-7dc">
         <name>calloc</name>
         <value>0x50fd</value>
         <object_component_ref idref="oc-2ca"/>
      </symbol>
      <symbol id="sm-7dd">
         <name>malloc</name>
         <value>0x5575</value>
         <object_component_ref idref="oc-3e3"/>
      </symbol>
      <symbol id="sm-7de">
         <name>aligned_alloc</name>
         <value>0x429d</value>
         <object_component_ref idref="oc-4d8"/>
      </symbol>
      <symbol id="sm-7f1">
         <name>__stack</name>
         <value>0x20000708</value>
         <object_component_ref idref="oc-27"/>
      </symbol>
      <symbol id="sm-7f2">
         <name>_c_int00_noargs</name>
         <value>0x519d</value>
         <object_component_ref idref="oc-5c"/>
      </symbol>
      <symbol id="sm-808">
         <name>__aeabi_errno_addr</name>
         <value>0x556d</value>
         <object_component_ref idref="oc-306"/>
      </symbol>
      <symbol id="sm-809">
         <name>errno</name>
         <value>0x20000ab8</value>
         <object_component_ref idref="oc-411"/>
      </symbol>
      <symbol id="sm-813">
         <name>__aeabi_idiv0</name>
         <value>0x3e2f</value>
         <object_component_ref idref="oc-42c"/>
      </symbol>
      <symbol id="sm-814">
         <name>__aeabi_ldiv0</name>
         <value>0x3e2f</value>
         <object_component_ref idref="oc-42c"/>
      </symbol>
      <symbol id="sm-82f">
         <name>memcpy</name>
         <value>0x47d5</value>
         <object_component_ref idref="oc-3e"/>
      </symbol>
      <symbol id="sm-830">
         <name>__aeabi_memcpy</name>
         <value>0x47d5</value>
         <object_component_ref idref="oc-3e"/>
      </symbol>
      <symbol id="sm-831">
         <name>__aeabi_memcpy8</name>
         <value>0x47d5</value>
         <object_component_ref idref="oc-3e"/>
      </symbol>
      <symbol id="sm-832">
         <name>__aeabi_memcpy4</name>
         <value>0x47d5</value>
         <object_component_ref idref="oc-3e"/>
      </symbol>
      <symbol id="sm-841">
         <name>__aeabi_memset</name>
         <value>0x49f9</value>
         <object_component_ref idref="oc-96"/>
      </symbol>
      <symbol id="sm-842">
         <name>memset</name>
         <value>0x49ff</value>
         <object_component_ref idref="oc-96"/>
      </symbol>
      <symbol id="sm-843">
         <name>__aeabi_memset8</name>
         <value>0x49f9</value>
         <object_component_ref idref="oc-96"/>
      </symbol>
      <symbol id="sm-844">
         <name>__aeabi_memset4</name>
         <value>0x49f9</value>
         <object_component_ref idref="oc-96"/>
      </symbol>
      <symbol id="sm-845">
         <name>__aeabi_memclr8</name>
         <value>0x49f7</value>
         <object_component_ref idref="oc-96"/>
      </symbol>
      <symbol id="sm-846">
         <name>__aeabi_memclr4</name>
         <value>0x49f7</value>
         <object_component_ref idref="oc-96"/>
      </symbol>
      <symbol id="sm-847">
         <name>__aeabi_memclr</name>
         <value>0x49f7</value>
         <object_component_ref idref="oc-96"/>
      </symbol>
      <symbol id="sm-86f">
         <name>__TI_auto_init_nobinit_nopinit</name>
         <value>0x4ff9</value>
         <object_component_ref idref="oc-1b1"/>
      </symbol>
      <symbol id="sm-879">
         <name>_system_pre_init</name>
         <value>0x559b</value>
         <object_component_ref idref="oc-9c"/>
      </symbol>
      <symbol id="sm-885">
         <name>C$$EXIT</name>
         <value>0x559f</value>
         <object_component_ref idref="oc-1a5"/>
      </symbol>
      <symbol id="sm-886">
         <name>abort</name>
         <value>0x559f</value>
         <object_component_ref idref="oc-1a5"/>
      </symbol>
      <symbol id="sm-89b">
         <name>_nop</name>
         <value>0x3a33</value>
         <object_component_ref idref="oc-43f"/>
      </symbol>
      <symbol id="sm-89c">
         <name>_lock</name>
         <value>0x20000aa4</value>
         <object_component_ref idref="oc-35a"/>
      </symbol>
      <symbol id="sm-89d">
         <name>_unlock</name>
         <value>0x20000aa8</value>
         <object_component_ref idref="oc-35a"/>
      </symbol>
      <symbol id="sm-8fc">
         <name>ADCProcessorTrigger</name>
         <value>0x539d</value>
         <object_component_ref idref="oc-d5"/>
      </symbol>
      <symbol id="sm-8fd">
         <name>ADCSequenceEnable</name>
         <value>0x54b5</value>
         <object_component_ref idref="oc-26b"/>
      </symbol>
      <symbol id="sm-8fe">
         <name>ADCSequenceConfigure</name>
         <value>0x4e45</value>
         <object_component_ref idref="oc-25f"/>
      </symbol>
      <symbol id="sm-8ff">
         <name>ADCIntEnable</name>
         <value>0x5473</value>
         <object_component_ref idref="oc-277"/>
      </symbol>
      <symbol id="sm-900">
         <name>ADCSequenceStepConfigure</name>
         <value>0x497d</value>
         <object_component_ref idref="oc-265"/>
      </symbol>
      <symbol id="sm-901">
         <name>ADCIntClear</name>
         <value>0x5527</value>
         <object_component_ref idref="oc-259"/>
      </symbol>
      <symbol id="sm-902">
         <name>ADCIntRegister</name>
         <value>0x5385</value>
         <object_component_ref idref="oc-271"/>
      </symbol>
      <symbol id="sm-903">
         <name>ADCSequenceDataGet</name>
         <value>0x52dd</value>
         <object_component_ref idref="oc-253"/>
      </symbol>
      <symbol id="sm-9ac">
         <name>GPIOPinTypePWM</name>
         <value>0x53e3</value>
         <object_component_ref idref="oc-290"/>
      </symbol>
      <symbol id="sm-9ad">
         <name>GPIOIntRegister</name>
         <value>0x53b5</value>
         <object_component_ref idref="oc-228"/>
      </symbol>
      <symbol id="sm-9ae">
         <name>GPIOPinConfigure</name>
         <value>0x4e95</value>
         <object_component_ref idref="oc-28a"/>
      </symbol>
      <symbol id="sm-9af">
         <name>GPIOIntEnable</name>
         <value>0x54eb</value>
         <object_component_ref idref="oc-240"/>
      </symbol>
      <symbol id="sm-9b0">
         <name>GPIOIntTypeSet</name>
         <value>0x4d4d</value>
         <object_component_ref idref="oc-23a"/>
      </symbol>
      <symbol id="sm-9b1">
         <name>GPIOPinTypeGPIOInput</name>
         <value>0x53cd</value>
         <object_component_ref idref="oc-22e"/>
      </symbol>
      <symbol id="sm-9b2">
         <name>GPIOIntClear</name>
         <value>0x557d</value>
         <object_component_ref idref="oc-21c"/>
      </symbol>
      <symbol id="sm-9b3">
         <name>GPIOPinTypeUART</name>
         <value>0x540f</value>
         <object_component_ref idref="oc-2ab"/>
      </symbol>
      <symbol id="sm-9b4">
         <name>GPIOPinTypeGPIOOutput</name>
         <value>0x5351</value>
         <object_component_ref idref="oc-4b0"/>
      </symbol>
      <symbol id="sm-9b5">
         <name>GPIOPinRead</name>
         <value>0x5583</value>
         <object_component_ref idref="oc-216"/>
      </symbol>
      <symbol id="sm-9b6">
         <name>GPIODirModeSet</name>
         <value>0x51ff</value>
         <object_component_ref idref="oc-39e"/>
      </symbol>
      <symbol id="sm-9b7">
         <name>GPIOPinWrite</name>
         <value>0x5589</value>
         <object_component_ref idref="oc-4aa"/>
      </symbol>
      <symbol id="sm-9b8">
         <name>GPIOPadConfigSet</name>
         <value>0x3a35</value>
         <object_component_ref idref="oc-234"/>
      </symbol>
      <symbol id="sm-9b9">
         <name>GPIOPinTypeSSI</name>
         <value>0x53f9</value>
         <object_component_ref idref="oc-492"/>
      </symbol>
      <symbol id="sm-a04">
         <name>IntPrioritySet</name>
         <value>0x5255</value>
         <object_component_ref idref="oc-246"/>
      </symbol>
      <symbol id="sm-a05">
         <name>IntEnable</name>
         <value>0x4bc1</value>
         <object_component_ref idref="oc-397"/>
      </symbol>
      <symbol id="sm-a06">
         <name>IntRegister</name>
         <value>0x5135</value>
         <object_component_ref idref="oc-1f6"/>
      </symbol>
      <symbol id="sm-a07">
         <name>g_pfnRAMVectors</name>
         <value>0x20000000</value>
         <object_component_ref idref="oc-388"/>
      </symbol>
      <symbol id="sm-a08">
         <name>IntMasterEnable</name>
         <value>0x5483</value>
         <object_component_ref idref="oc-15d"/>
      </symbol>
      <symbol id="sm-a35">
         <name>PWMGenPeriodSet</name>
         <value>0x5493</value>
         <object_component_ref idref="oc-27e"/>
      </symbol>
      <symbol id="sm-a36">
         <name>PWMPulseWidthSet</name>
         <value>0x52fb</value>
         <object_component_ref idref="oc-284"/>
      </symbol>
      <symbol id="sm-a37">
         <name>PWMOutputState</name>
         <value>0x5461</value>
         <object_component_ref idref="oc-157"/>
      </symbol>
      <symbol id="sm-a38">
         <name>PWMGenEnable</name>
         <value>0x54f7</value>
         <object_component_ref idref="oc-29c"/>
      </symbol>
      <symbol id="sm-a39">
         <name>PWMGenConfigure</name>
         <value>0x5279</value>
         <object_component_ref idref="oc-296"/>
      </symbol>
      <symbol id="sm-a71">
         <name>SSIDataPut</name>
         <value>0x5531</value>
         <object_component_ref idref="oc-4bc"/>
      </symbol>
      <symbol id="sm-a72">
         <name>SSIDataGet</name>
         <value>0x5503</value>
         <object_component_ref idref="oc-4c2"/>
      </symbol>
      <symbol id="sm-a73">
         <name>SSIConfigSetExpClk</name>
         <value>0x50c1</value>
         <object_component_ref idref="oc-49e"/>
      </symbol>
      <symbol id="sm-a74">
         <name>SSIEnable</name>
         <value>0x553b</value>
         <object_component_ref idref="oc-4a4"/>
      </symbol>
      <symbol id="sm-a75">
         <name>SSIClockSourceSet</name>
         <value>0x558f</value>
         <object_component_ref idref="oc-498"/>
      </symbol>
      <symbol id="sm-a76">
         <name>SSIBusy</name>
         <value>0x5563</value>
         <object_component_ref idref="oc-4b6"/>
      </symbol>
      <symbol id="sm-ad5">
         <name>SysCtlClockSet</name>
         <value>0x4499</value>
         <object_component_ref idref="oc-eb"/>
      </symbol>
      <symbol id="sm-ad6">
         <name>SysCtlDelay</name>
         <value>0x5595</value>
         <object_component_ref idref="oc-1ed"/>
      </symbol>
      <symbol id="sm-ad7">
         <name>SysCtlPeripheralEnable</name>
         <value>0x5169</value>
         <object_component_ref idref="oc-222"/>
      </symbol>
      <symbol id="sm-ad8">
         <name>SysCtlClockGet</name>
         <value>0x3f5d</value>
         <object_component_ref idref="oc-f1"/>
      </symbol>
      <symbol id="sm-ad9">
         <name>SysCtlPeripheralReset</name>
         <value>0x4da5</value>
         <object_component_ref idref="oc-121"/>
      </symbol>
      <symbol id="sm-b06">
         <name>SysTickEnable</name>
         <value>0x5425</value>
         <object_component_ref idref="oc-109"/>
      </symbol>
      <symbol id="sm-b07">
         <name>SysTickIntRegister</name>
         <value>0x5319</value>
         <object_component_ref idref="oc-fd"/>
      </symbol>
      <symbol id="sm-b08">
         <name>SysTickIntEnable</name>
         <value>0x5439</value>
         <object_component_ref idref="oc-103"/>
      </symbol>
      <symbol id="sm-b09">
         <name>SysTickPeriodSet</name>
         <value>0x54a5</value>
         <object_component_ref idref="oc-f7"/>
      </symbol>
      <symbol id="sm-b2d">
         <name>TimerEnable</name>
         <value>0x54c3</value>
         <object_component_ref idref="oc-51a"/>
      </symbol>
      <symbol id="sm-b2e">
         <name>TimerValueGet</name>
         <value>0x5545</value>
         <object_component_ref idref="oc-520"/>
      </symbol>
      <symbol id="sm-b2f">
         <name>TimerConfigure</name>
         <value>0x4c91</value>
         <object_component_ref idref="oc-514"/>
      </symbol>
      <symbol id="sm-b61">
         <name>UARTConfigSetExpClk</name>
         <value>0x4f29</value>
         <object_component_ref idref="oc-2b1"/>
      </symbol>
      <symbol id="sm-b62">
         <name>UARTDisable</name>
         <value>0x529d</value>
         <object_component_ref idref="oc-3d8"/>
      </symbol>
      <symbol id="sm-b63">
         <name>UARTCharPut</name>
         <value>0x554f</value>
         <object_component_ref idref="oc-2c3"/>
      </symbol>
      <symbol id="sm-b64">
         <name>UARTEnable</name>
         <value>0x544d</value>
         <object_component_ref idref="oc-2bd"/>
      </symbol>
      <symbol id="sm-b65">
         <name>UARTFIFOEnable</name>
         <value>0x5559</value>
         <object_component_ref idref="oc-2b7"/>
      </symbol>
      <symbol id="sm-b6f">
         <name>CPUcpsie</name>
         <value>0x54df</value>
         <object_component_ref idref="oc-2f0"/>
      </symbol>
      <symbol id="sm-b70">
         <name>__TI_static_base__</name>
         <value>0x0</value>
      </symbol>
      <symbol id="sm-b73">
         <name>__mpu_init</name>
         <value>0x0</value>
      </symbol>
      <symbol id="sm-b74">
         <name>_system_post_cinit</name>
         <value>0x0</value>
      </symbol>
   </symbol_table>
   <title>Link successful</title>
</link_info>
